This is pdfTeX, Version 3.141592653-2.6-1.40.25 (TeX Live 2023/Debian) (preloaded format=pdflatex 2025.11.10)  12 JUL 2026 15:52
entering extended mode
 restricted \write18 enabled.
 %&-line parsing enabled.
**supplementary.tex
(./supplementary.tex
LaTeX2e <2023-11-01> patch level 1
L3 programming layer <2024-01-22>
(/usr/share/texlive/texmf-dist/tex/latex/base/article.cls
Document Class: article 2023/05/17 v1.4n Standard LaTeX document class
(/usr/share/texlive/texmf-dist/tex/latex/base/size11.clo
File: size11.clo 2023/05/17 v1.4n Standard LaTeX file (size option)
)
\c@part=\count187
\c@section=\count188
\c@subsection=\count189
\c@subsubsection=\count190
\c@paragraph=\count191
\c@subparagraph=\count192
\c@figure=\count193
\c@table=\count194
\abovecaptionskip=\skip48
\belowcaptionskip=\skip49
\bibindent=\dimen140
)
(/usr/share/texlive/texmf-dist/tex/latex/geometry/geometry.sty
Package: geometry 2020/01/02 v5.9 Page Geometry

(/usr/share/texlive/texmf-dist/tex/latex/graphics/keyval.sty
Package: keyval 2022/05/29 v1.15 key=value parser (DPC)
\KV@toks@=\toks17
)
(/usr/share/texlive/texmf-dist/tex/generic/iftex/ifvtex.sty
Package: ifvtex 2019/10/25 v1.7 ifvtex legacy package. Use iftex instead.

(/usr/share/texlive/texmf-dist/tex/generic/iftex/iftex.sty
Package: iftex 2022/02/03 v1.0f TeX engine tests
))
\Gm@cnth=\count195
\Gm@cntv=\count196
\c@Gm@tempcnt=\count197
\Gm@bindingoffset=\dimen141
\Gm@wd@mp=\dimen142
\Gm@odd@mp=\dimen143
\Gm@even@mp=\dimen144
\Gm@layoutwidth=\dimen145
\Gm@layoutheight=\dimen146
\Gm@layouthoffset=\dimen147
\Gm@layoutvoffset=\dimen148
\Gm@dimlist=\toks18
)
(/usr/share/texlive/texmf-dist/tex/latex/base/inputenc.sty
Package: inputenc 2021/02/14 v1.3d Input encoding file
\inpenc@prehook=\toks19
\inpenc@posthook=\toks20
)
(/usr/share/texlive/texmf-dist/tex/latex/base/fontenc.sty
Package: fontenc 2021/04/29 v2.0v Standard LaTeX package
)
(/usr/share/texlive/texmf-dist/tex/latex/microtype/microtype.sty
Package: microtype 2023/03/13 v3.1a Micro-typographical refinements (RS)

(/usr/share/texlive/texmf-dist/tex/latex/etoolbox/etoolbox.sty
Package: etoolbox 2020/10/05 v2.5k e-TeX tools for LaTeX (JAW)
\etb@tempcnta=\count198
)
\MT@toks=\toks21
\MT@tempbox=\box51
\MT@count=\count199
LaTeX Info: Redefining \noprotrusionifhmode on input line 1059.
LaTeX Info: Redefining \leftprotrusion on input line 1060.
\MT@prot@toks=\toks22
LaTeX Info: Redefining \rightprotrusion on input line 1078.
LaTeX Info: Redefining \textls on input line 1368.
\MT@outer@kern=\dimen149
LaTeX Info: Redefining \textmicrotypecontext on input line 1988.
\MT@listname@count=\count266

(/usr/share/texlive/texmf-dist/tex/latex/microtype/microtype-pdftex.def
File: microtype-pdftex.def 2023/03/13 v3.1a Definitions specific to pdftex (RS)

LaTeX Info: Redefining \lsstyle on input line 902.
LaTeX Info: Redefining \lslig on input line 902.
\MT@outer@space=\skip50
)
Package microtype Info: Loading configuration file microtype.cfg.

(/usr/share/texlive/texmf-dist/tex/latex/microtype/microtype.cfg
File: microtype.cfg 2023/03/13 v3.1a microtype main configuration file (RS)
))
(/usr/share/texlive/texmf-dist/tex/latex/float/float.sty
Package: float 2001/11/08 v1.3d Float enhancements (AL)
\c@float@type=\count267
\float@exts=\toks23
\float@box=\box52
\@float@everytoks=\toks24
\@floatcapt=\box53
)
(/usr/share/texlive/texmf-dist/tex/latex/graphics/graphicx.sty
Package: graphicx 2021/09/16 v1.2d Enhanced LaTeX Graphics (DPC,SPQR)

(/usr/share/texlive/texmf-dist/tex/latex/graphics/graphics.sty
Package: graphics 2022/03/10 v1.4e Standard LaTeX Graphics (DPC,SPQR)

(/usr/share/texlive/texmf-dist/tex/latex/graphics/trig.sty
Package: trig 2021/08/11 v1.11 sin cos tan (DPC)
)
(/usr/share/texlive/texmf-dist/tex/latex/graphics-cfg/graphics.cfg
File: graphics.cfg 2016/06/04 v1.11 sample graphics configuration
)
Package graphics Info: Driver file: pdftex.def on input line 107.

(/usr/share/texlive/texmf-dist/tex/latex/graphics-def/pdftex.def
File: pdftex.def 2022/09/22 v1.2b Graphics/color driver for pdftex
))
\Gin@req@height=\dimen150
\Gin@req@width=\dimen151
)
(/usr/share/texlive/texmf-dist/tex/latex/booktabs/booktabs.sty
Package: booktabs 2020/01/12 v1.61803398 Publication quality tables
\heavyrulewidth=\dimen152
\lightrulewidth=\dimen153
\cmidrulewidth=\dimen154
\belowrulesep=\dimen155
\belowbottomsep=\dimen156
\aboverulesep=\dimen157
\abovetopsep=\dimen158
\cmidrulesep=\dimen159
\cmidrulekern=\dimen160
\defaultaddspace=\dimen161
\@cmidla=\count268
\@cmidlb=\count269
\@aboverulesep=\dimen162
\@belowrulesep=\dimen163
\@thisruleclass=\count270
\@lastruleclass=\count271
\@thisrulewidth=\dimen164
)
(/usr/share/texlive/texmf-dist/tex/latex/tools/longtable.sty
Package: longtable 2023-11-01 v4.19 Multi-page Table package (DPC)
\LTleft=\skip51
\LTright=\skip52
\LTpre=\skip53
\LTpost=\skip54
\LTchunksize=\count272
\LTcapwidth=\dimen165
\LT@head=\box54
\LT@firsthead=\box55
\LT@foot=\box56
\LT@lastfoot=\box57
\LT@gbox=\box58
\LT@cols=\count273
\LT@rows=\count274
\c@LT@tables=\count275
\c@LT@chunks=\count276
\LT@p@ftn=\toks25
)
(/usr/share/texlive/texmf-dist/tex/latex/amsmath/amsmath.sty
Package: amsmath 2023/05/13 v2.17o AMS math features
\@mathmargin=\skip55

For additional information on amsmath, use the `?' option.
(/usr/share/texlive/texmf-dist/tex/latex/amsmath/amstext.sty
Package: amstext 2021/08/26 v2.01 AMS text

(/usr/share/texlive/texmf-dist/tex/latex/amsmath/amsgen.sty
File: amsgen.sty 1999/11/30 v2.0 generic functions
\@emptytoks=\toks26
\ex@=\dimen166
))
(/usr/share/texlive/texmf-dist/tex/latex/amsmath/amsbsy.sty
Package: amsbsy 1999/11/29 v1.2d Bold Symbols
\pmbraise@=\dimen167
)
(/usr/share/texlive/texmf-dist/tex/latex/amsmath/amsopn.sty
Package: amsopn 2022/04/08 v2.04 operator names
)
\inf@bad=\count277
LaTeX Info: Redefining \frac on input line 234.
\uproot@=\count278
\leftroot@=\count279
LaTeX Info: Redefining \overline on input line 399.
LaTeX Info: Redefining \colon on input line 410.
\classnum@=\count280
\DOTSCASE@=\count281
LaTeX Info: Redefining \ldots on input line 496.
LaTeX Info: Redefining \dots on input line 499.
LaTeX Info: Redefining \cdots on input line 620.
\Mathstrutbox@=\box59
\strutbox@=\box60
LaTeX Info: Redefining \big on input line 722.
LaTeX Info: Redefining \Big on input line 723.
LaTeX Info: Redefining \bigg on input line 724.
LaTeX Info: Redefining \Bigg on input line 725.
\big@size=\dimen168
LaTeX Font Info:    Redeclaring font encoding OML on input line 743.
LaTeX Font Info:    Redeclaring font encoding OMS on input line 744.
\macc@depth=\count282
LaTeX Info: Redefining \bmod on input line 905.
LaTeX Info: Redefining \pmod on input line 910.
LaTeX Info: Redefining \smash on input line 940.
LaTeX Info: Redefining \relbar on input line 970.
LaTeX Info: Redefining \Relbar on input line 971.
\c@MaxMatrixCols=\count283
\dotsspace@=\muskip16
\c@parentequation=\count284
\dspbrk@lvl=\count285
\tag@help=\toks27
\row@=\count286
\column@=\count287
\maxfields@=\count288
\andhelp@=\toks28
\eqnshift@=\dimen169
\alignsep@=\dimen170
\tagshift@=\dimen171
\tagwidth@=\dimen172
\totwidth@=\dimen173
\lineht@=\dimen174
\@envbody=\toks29
\multlinegap=\skip56
\multlinetaggap=\skip57
\mathdisplay@stack=\toks30
LaTeX Info: Redefining \[ on input line 2953.
LaTeX Info: Redefining \] on input line 2954.
)
(/usr/share/texlive/texmf-dist/tex/latex/amsfonts/amssymb.sty
Package: amssymb 2013/01/14 v3.01 AMS font symbols

(/usr/share/texlive/texmf-dist/tex/latex/amsfonts/amsfonts.sty
Package: amsfonts 2013/01/14 v3.01 Basic AMSFonts support
\symAMSa=\mathgroup4
\symAMSb=\mathgroup5
LaTeX Font Info:    Redeclaring math symbol \hbar on input line 98.
LaTeX Font Info:    Overwriting math alphabet `\mathfrak' in version `bold'
(Font)                  U/euf/m/n --> U/euf/b/n on input line 106.
))
(/usr/share/texlive/texmf-dist/tex/latex/tools/array.sty
Package: array 2023/10/16 v2.5g Tabular extension package (FMi)
\col@sep=\dimen175
\ar@mcellbox=\box61
\extrarowheight=\dimen176
\NC@list=\toks31
\extratabsurround=\skip58
\backup@length=\skip59
\ar@cellbox=\box62
)
(/usr/share/texlive/texmf-dist/tex/latex/xcolor/xcolor.sty
Package: xcolor 2023/11/15 v3.01 LaTeX color extensions (UK)

(/usr/share/texlive/texmf-dist/tex/latex/graphics-cfg/color.cfg
File: color.cfg 2016/01/02 v1.6 sample color configuration
)
Package xcolor Info: Driver file: pdftex.def on input line 274.

(/usr/share/texlive/texmf-dist/tex/latex/graphics/mathcolor.ltx)
Package xcolor Info: Model `cmy' substituted by `cmy0' on input line 1350.
Package xcolor Info: Model `hsb' substituted by `rgb' on input line 1354.
Package xcolor Info: Model `RGB' extended on input line 1366.
Package xcolor Info: Model `HTML' substituted by `rgb' on input line 1368.
Package xcolor Info: Model `Hsb' substituted by `hsb' on input line 1369.
Package xcolor Info: Model `tHsb' substituted by `hsb' on input line 1370.
Package xcolor Info: Model `HSB' substituted by `hsb' on input line 1371.
Package xcolor Info: Model `Gray' substituted by `gray' on input line 1372.
Package xcolor Info: Model `wave' substituted by `hsb' on input line 1373.
)
(/usr/share/texlive/texmf-dist/tex/latex/url/url.sty
\Urlmuskip=\muskip17
Package: url 2013/09/16  ver 3.4  Verb mode for urls, etc.
)
(/usr/share/texlive/texmf-dist/tex/latex/hyperref/hyperref.sty
Package: hyperref 2024-01-20 v7.01h Hypertext links for LaTeX

(/usr/share/texlive/texmf-dist/tex/latex/kvsetkeys/kvsetkeys.sty
Package: kvsetkeys 2022-10-05 v1.19 Key value parser (HO)
)
(/usr/share/texlive/texmf-dist/tex/generic/kvdefinekeys/kvdefinekeys.sty
Package: kvdefinekeys 2019-12-19 v1.6 Define keys (HO)
)
(/usr/share/texlive/texmf-dist/tex/generic/pdfescape/pdfescape.sty
Package: pdfescape 2019/12/09 v1.15 Implements pdfTeX's escape features (HO)

(/usr/share/texlive/texmf-dist/tex/generic/ltxcmds/ltxcmds.sty
Package: ltxcmds 2023-12-04 v1.26 LaTeX kernel commands for general use (HO)
)
(/usr/share/texlive/texmf-dist/tex/generic/pdftexcmds/pdftexcmds.sty
Package: pdftexcmds 2020-06-27 v0.33 Utility functions of pdfTeX for LuaTeX (HO
)

(/usr/share/texlive/texmf-dist/tex/generic/infwarerr/infwarerr.sty
Package: infwarerr 2019/12/03 v1.5 Providing info/warning/error messages (HO)
)
Package pdftexcmds Info: \pdf@primitive is available.
Package pdftexcmds Info: \pdf@ifprimitive is available.
Package pdftexcmds Info: \pdfdraftmode found.
))
(/usr/share/texlive/texmf-dist/tex/latex/hycolor/hycolor.sty
Package: hycolor 2020-01-27 v1.10 Color options for hyperref/bookmark (HO)
)
(/usr/share/texlive/texmf-dist/tex/latex/auxhook/auxhook.sty
Package: auxhook 2019-12-17 v1.6 Hooks for auxiliary files (HO)
)
(/usr/share/texlive/texmf-dist/tex/latex/hyperref/nameref.sty
Package: nameref 2023-11-26 v2.56 Cross-referencing by name of section

(/usr/share/texlive/texmf-dist/tex/latex/refcount/refcount.sty
Package: refcount 2019/12/15 v3.6 Data extraction from label references (HO)
)
(/usr/share/texlive/texmf-dist/tex/generic/gettitlestring/gettitlestring.sty
Package: gettitlestring 2019/12/15 v1.6 Cleanup title references (HO)

(/usr/share/texlive/texmf-dist/tex/latex/kvoptions/kvoptions.sty
Package: kvoptions 2022-06-15 v3.15 Key value format for package options (HO)
))
\c@section@level=\count289
)
\@linkdim=\dimen177
\Hy@linkcounter=\count290
\Hy@pagecounter=\count291

(/usr/share/texlive/texmf-dist/tex/latex/hyperref/pd1enc.def
File: pd1enc.def 2024-01-20 v7.01h Hyperref: PDFDocEncoding definition (HO)
Now handling font encoding PD1 ...
... no UTF-8 mapping file for font encoding PD1
)
(/usr/share/texlive/texmf-dist/tex/generic/intcalc/intcalc.sty
Package: intcalc 2019/12/15 v1.3 Expandable calculations with integers (HO)
)
\Hy@SavedSpaceFactor=\count292

(/usr/share/texlive/texmf-dist/tex/latex/hyperref/puenc.def
File: puenc.def 2024-01-20 v7.01h Hyperref: PDF Unicode definition (HO)
Now handling font encoding PU ...
... no UTF-8 mapping file for font encoding PU
)
Package hyperref Info: Option `colorlinks' set `true' on input line 4062.
Package hyperref Info: Hyper figures OFF on input line 4179.
Package hyperref Info: Link nesting OFF on input line 4184.
Package hyperref Info: Hyper index ON on input line 4187.
Package hyperref Info: Plain pages OFF on input line 4194.
Package hyperref Info: Backreferencing OFF on input line 4199.
Package hyperref Info: Implicit mode ON; LaTeX internals redefined.
Package hyperref Info: Bookmarks ON on input line 4446.
\c@Hy@tempcnt=\count293
LaTeX Info: Redefining \url on input line 4784.
\XeTeXLinkMargin=\dimen178

(/usr/share/texlive/texmf-dist/tex/generic/bitset/bitset.sty
Package: bitset 2019/12/09 v1.3 Handle bit-vector datatype (HO)

(/usr/share/texlive/texmf-dist/tex/generic/bigintcalc/bigintcalc.sty
Package: bigintcalc 2019/12/15 v1.5 Expandable calculations on big integers (HO
)
))
\Fld@menulength=\count294
\Field@Width=\dimen179
\Fld@charsize=\dimen180
Package hyperref Info: Hyper figures OFF on input line 6063.
Package hyperref Info: Link nesting OFF on input line 6068.
Package hyperref Info: Hyper index ON on input line 6071.
Package hyperref Info: backreferencing OFF on input line 6078.
Package hyperref Info: Link coloring ON on input line 6081.
Package hyperref Info: Link coloring with OCG OFF on input line 6088.
Package hyperref Info: PDF/A mode OFF on input line 6093.

(/usr/share/texlive/texmf-dist/tex/latex/base/atbegshi-ltx.sty
Package: atbegshi-ltx 2021/01/10 v1.0c Emulation of the original atbegshi
package with kernel methods
)
\Hy@abspage=\count295
\c@Item=\count296
\c@Hfootnote=\count297
)
Package hyperref Info: Driver (autodetected): hpdftex.

(/usr/share/texlive/texmf-dist/tex/latex/hyperref/hpdftex.def
File: hpdftex.def 2024-01-20 v7.01h Hyperref driver for pdfTeX

(/usr/share/texlive/texmf-dist/tex/latex/base/atveryend-ltx.sty
Package: atveryend-ltx 2020/08/19 v1.0a Emulation of the original atveryend pac
kage
with kernel methods
)
\Fld@listcount=\count298
\c@bookmark@seq@number=\count299

(/usr/share/texlive/texmf-dist/tex/latex/rerunfilecheck/rerunfilecheck.sty
Package: rerunfilecheck 2022-07-10 v1.10 Rerun checks for auxiliary files (HO)

(/usr/share/texlive/texmf-dist/tex/generic/uniquecounter/uniquecounter.sty
Package: uniquecounter 2019/12/15 v1.4 Provide unlimited unique counter (HO)
)
Package uniquecounter Info: New unique counter `rerunfilecheck' on input line 2
85.
)
\Hy@SectionHShift=\skip60
)
(/usr/share/texlive/texmf-dist/tex/latex/titlesec/titlesec.sty
Package: titlesec 2023/10/27 v2.16 Sectioning titles
\ttl@box=\box63
\beforetitleunit=\skip61
\aftertitleunit=\skip62
\ttl@plus=\dimen181
\ttl@minus=\dimen182
\ttl@toksa=\toks32
\titlewidth=\dimen183
\titlewidthlast=\dimen184
\titlewidthfirst=\dimen185
)
(/usr/share/texlive/texmf-dist/tex/latex/parskip/parskip.sty
Package: parskip 2021-03-14 v2.0h non-zero parskip adjustments
)
(/usr/share/texlive/texmf-dist/tex/latex/caption/caption.sty
Package: caption 2023/08/05 v3.6o Customizing captions (AR)

(/usr/share/texlive/texmf-dist/tex/latex/caption/caption3.sty
Package: caption3 2023/07/31 v2.4d caption3 kernel (AR)
\caption@tempdima=\dimen186
\captionmargin=\dimen187
\caption@leftmargin=\dimen188
\caption@rightmargin=\dimen189
\caption@width=\dimen190
\caption@indent=\dimen191
\caption@parindent=\dimen192
\caption@hangindent=\dimen193
Package caption Info: Standard document class detected.
)
\c@caption@flags=\count300
\c@continuedfloat=\count301
Package caption Info: float package is loaded.
Package caption Info: hyperref package is loaded.
Package caption Info: longtable package is loaded.

(/usr/share/texlive/texmf-dist/tex/latex/caption/ltcaption.sty
Package: ltcaption 2021/01/08 v1.4c longtable captions (AR)
))
(/usr/share/texlive/texmf-dist/tex/latex/l3backend/l3backend-pdftex.def
File: l3backend-pdftex.def 2024-01-04 L3 backend support: PDF output (pdfTeX)
\l__color_backend_stack_int=\count302
\l__pdf_internal_box=\box64
)
(./supplementary.aux)
\openout1 = `supplementary.aux'.

LaTeX Font Info:    Checking defaults for OML/cmm/m/it on input line 52.
LaTeX Font Info:    ... okay on input line 52.
LaTeX Font Info:    Checking defaults for OMS/cmsy/m/n on input line 52.
LaTeX Font Info:    ... okay on input line 52.
LaTeX Font Info:    Checking defaults for OT1/cmr/m/n on input line 52.
LaTeX Font Info:    ... okay on input line 52.
LaTeX Font Info:    Checking defaults for T1/cmr/m/n on input line 52.
LaTeX Font Info:    ... okay on input line 52.
LaTeX Font Info:    Checking defaults for TS1/cmr/m/n on input line 52.
LaTeX Font Info:    ... okay on input line 52.
LaTeX Font Info:    Checking defaults for OMX/cmex/m/n on input line 52.
LaTeX Font Info:    ... okay on input line 52.
LaTeX Font Info:    Checking defaults for U/cmr/m/n on input line 52.
LaTeX Font Info:    ... okay on input line 52.
LaTeX Font Info:    Checking defaults for PD1/pdf/m/n on input line 52.
LaTeX Font Info:    ... okay on input line 52.
LaTeX Font Info:    Checking defaults for PU/pdf/m/n on input line 52.
LaTeX Font Info:    ... okay on input line 52.

*geometry* driver: auto-detecting
*geometry* detected driver: pdftex
*geometry* verbose mode - [ preamble ] result:
* driver: pdftex
* paper: <default>
* layout: <same size as paper>
* layoutoffset:(h,v)=(0.0pt,0.0pt)
* modes: 
* h-part:(L,W,R)=(72.26999pt, 469.75502pt, 72.26999pt)
* v-part:(T,H,B)=(72.26999pt, 650.43001pt, 72.26999pt)
* \paperwidth=614.295pt
* \paperheight=794.96999pt
* \textwidth=469.75502pt
* \textheight=650.43001pt
* \oddsidemargin=0.0pt
* \evensidemargin=0.0pt
* \topmargin=-37.0pt
* \headheight=12.0pt
* \headsep=25.0pt
* \topskip=11.0pt
* \footskip=30.0pt
* \marginparwidth=59.0pt
* \marginparsep=10.0pt
* \columnsep=10.0pt
* \skip\footins=10.0pt plus 4.0pt minus 2.0pt
* \hoffset=0.0pt
* \voffset=0.0pt
* \mag=1000
* \@twocolumnfalse
* \@twosidefalse
* \@mparswitchfalse
* \@reversemarginfalse
* (1in=72.27pt=25.4mm, 1cm=28.453pt)

LaTeX Info: Redefining \microtypecontext on input line 52.
Package microtype Info: Applying patch `item' on input line 52.
Package microtype Info: Applying patch `toc' on input line 52.
Package microtype Info: Applying patch `eqnum' on input line 52.
Package microtype Info: Applying patch `footnote' on input line 52.
Package microtype Info: Applying patch `verbatim' on input line 52.
Package microtype Info: Generating PDF output.
Package microtype Info: Character protrusion enabled (level 2).
Package microtype Info: Using default protrusion set `alltext'.
Package microtype Info: Automatic font expansion enabled (level 2),
(microtype)             stretch: 20, shrink: 20, step: 1, non-selected.
Package microtype Info: Using default expansion set `alltext-nott'.
LaTeX Info: Redefining \showhyphens on input line 52.
Package microtype Info: No adjustment of tracking.
Package microtype Info: No adjustment of interword spacing.
Package microtype Info: No adjustment of character kerning.
(/usr/share/texlive/texmf-dist/tex/latex/microtype/mt-cmr.cfg
File: mt-cmr.cfg 2013/05/19 v2.2 microtype config. file: Computer Modern Roman 
(RS)
)
(/usr/share/texlive/texmf-dist/tex/context/base/mkii/supp-pdf.mkii
[Loading MPS to PDF converter (version 2006.09.02).]
\scratchcounter=\count303
\scratchdimen=\dimen194
\scratchbox=\box65
\nofMPsegments=\count304
\nofMParguments=\count305
\everyMPshowfont=\toks33
\MPscratchCnt=\count306
\MPscratchDim=\dimen195
\MPnumerator=\count307
\makeMPintoPDFobject=\count308
\everyMPtoPDFconversion=\toks34
) (/usr/share/texlive/texmf-dist/tex/latex/epstopdf-pkg/epstopdf-base.sty
Package: epstopdf-base 2020-01-24 v2.11 Base part for package epstopdf
Package epstopdf-base Info: Redefining graphics rule for `.eps' on input line 4
85.

(/usr/share/texlive/texmf-dist/tex/latex/latexconfig/epstopdf-sys.cfg
File: epstopdf-sys.cfg 2010/07/13 v1.3 Configuration of (r)epstopdf for TeX Liv
e
))
Package hyperref Info: Link coloring ON on input line 52.

(./supplementary.out) (./supplementary.out)
\@outlinefile=\write3
\openout3 = `supplementary.out'.

Package caption Info: Begin \AtBeginDocument code.
Package caption Info: End \AtBeginDocument code.
LaTeX Font Info:    Trying to load font information for U+msa on input line 54.


(/usr/share/texlive/texmf-dist/tex/latex/amsfonts/umsa.fd
File: umsa.fd 2013/01/14 v3.01 AMS symbols A
)
(/usr/share/texlive/texmf-dist/tex/latex/microtype/mt-msa.cfg
File: mt-msa.cfg 2006/02/04 v1.1 microtype config. file: AMS symbols (a) (RS)
)
LaTeX Font Info:    Trying to load font information for U+msb on input line 54.


(/usr/share/texlive/texmf-dist/tex/latex/amsfonts/umsb.fd
File: umsb.fd 2013/01/14 v3.01 AMS symbols B
)
(/usr/share/texlive/texmf-dist/tex/latex/microtype/mt-msb.cfg
File: mt-msb.cfg 2005/06/01 v1.0 microtype config. file: AMS symbols (b) (RS)
)
Overfull \hbox (88.86263pt too wide) in paragraph at lines 54--54
 [][] 
 []

(./supplementary.toc [1

{/var/lib/texmf/fonts/map/pdftex/updmap/pdftex.map}{/usr/share/texmf/fonts/enc/
dvips/cm-super/cm-super-t1.enc}])
\tf@toc=\write4
\openout4 = `supplementary.toc'.

 [2]
LaTeX Font Info:    Trying to load font information for T1+cmtt on input line 7
5.

(/usr/share/texlive/texmf-dist/tex/latex/base/t1cmtt.fd
File: t1cmtt.fd 2023/04/13 v2.5m Standard LaTeX font definitions
)
Package microtype Info: Loading generic protrusion settings for font family
(microtype)             `cmtt' (encoding: T1).
(microtype)             For optimal results, create family-specific settings.
(microtype)             See the microtype manual for details.

Overfull \hbox (45.85689pt too wide) in paragraph at lines 96--111
 [][] 
 []

[3

{/usr/share/texmf/fonts/enc/dvips/cm-super/cm-super-ts1.enc}]
Overfull \hbox (27.5678pt too wide) in paragraph at lines 173--177
[]\T1/cmr/bx/n/10.95 (-20) Pfam $\OMS/cmsy/m/n/10.95 !$ \T1/cmr/bx/n/10.95 (-20
) clan: \T1/cmr/m/n/10.95 (-20) In-ter-Pro API \T1/cmtt/m/n/10.95 /entry/pfam/{
PF}/?format=json $\OMS/cmsy/m/n/10.95 !$ \T1/cmtt/m/n/10.95 metadata.set_info.a
ccession
 []


Overfull \hbox (29.79121pt too wide) in paragraph at lines 204--210
\T1/cmr/bx/n/10.95 (-20) Primary dataset (bac-te-ria, $\OML/cmm/m/it/10.95 n \O
T1/cmr/m/n/10.95 (-20) = 1[]574$ \T1/cmr/bx/n/10.95 (-20) gen-era): \T1/cmr/m/n
/10.95 (-20) BERDL Spark clus-ter, names-pace \T1/cmtt/m/n/10.95 kbase.ke_pange
nome\T1/cmr/m/n/10.95 (-20) .
 []

[4] [5] [6]
Overfull \hbox (39.28947pt too wide) in paragraph at lines 383--386
\T1/cmr/m/n/10.95 (-20) Optimisation via \T1/cmtt/m/n/10.95 scipy.optimize.mini
mize_scalar() \T1/cmr/m/n/10.95 (-20) with bounds $\OT1/cmr/m/n/10.95 (-20) (10
[]\OML/cmm/m/it/10.95 ;  \OT1/cmr/m/n/10.95 (-20) 1 \OMS/cmsy/m/n/10.95 ^^@ \OT
1/cmr/m/n/10.95 (-20) 10[])$ \T1/cmr/m/n/10.95 (-20) and \T1/cmtt/m/n/10.95 met
hod='bounded'\T1/cmr/m/n/10.95 (-20) . 
 []

[7]
Underfull \hbox (badness 10000) in paragraph at lines 500--500
[]|\T1/cmr/m/n/10 (+20) Mean ge-nomic GC% ($\OML/cmm/m/it/10 z$\T1/cmr/m/n/10 (
+20) -
 []


Underfull \hbox (badness 10000) in paragraph at lines 505--507
[]|\T1/cmr/m/n/10 (+20) ATTENUATED ^^V $\OML/cmm/m/it/10 ^^L$
 []


Underfull \hbox (badness 3009) in paragraph at lines 505--507
\T1/cmr/m/n/10 (+20) be-comes \T1/cmr/m/it/10 (+20) more \T1/cmr/m/n/10 (+20) n
eg-a-tive
 []


Underfull \hbox (badness 10000) in paragraph at lines 505--507
\T1/cmr/m/n/10 (+20) ($\OMS/cmsy/m/n/10 ^^@\OT1/cmr/m/n/10 (+20) 0\OML/cmm/m/it
/10 :\OT1/cmr/m/n/10 (+20) 031$\T1/cmr/m/n/10 (+20) ), in-con-sis-tent
 []


Underfull \hbox (badness 10000) in paragraph at lines 505--507
\T1/cmr/m/n/10 (+20) am-pli-fies rather than
 []

[8]
Overfull \hbox (47.01381pt too wide) in paragraph at lines 534--556
 [][] 
 []

[9] [10] [11

] [12] [13]
Underfull \hbox (badness 10000) in paragraph at lines 836--837
[]|\T1/cmr/m/n/10 (+20) Hg trans-port (mer
 []


Underfull \hbox (badness 10000) in paragraph at lines 837--838
[]|\T1/cmr/m/n/10 (+20) Hg re-sis-tance (mer
 []


Underfull \hbox (badness 1072) in paragraph at lines 912--913
[]|\T1/cmr/m/n/10.95 (+20) Metal-dependent metabolic
 []


Underfull \hbox (badness 1072) in paragraph at lines 918--919
[]|\T1/cmr/m/n/10.95 (+20) Metal-dependent metabolic
 []


Underfull \hbox (badness 1072) in paragraph at lines 919--920
[]|\T1/cmr/m/n/10.95 (+20) Metal-dependent metabolic
 []


Underfull \hbox (badness 1072) in paragraph at lines 928--929
[]|\T1/cmr/m/n/10.95 (+20) Metal-dependent metabolic
 []


Underfull \hbox (badness 1072) in paragraph at lines 929--930
[]|\T1/cmr/m/n/10.95 (+20) Metal-dependent metabolic
 []


Underfull \hbox (badness 1072) in paragraph at lines 930--931
[]|\T1/cmr/m/n/10.95 (+20) Metal-dependent metabolic
 []


Underfull \hbox (badness 1072) in paragraph at lines 931--932
[]|\T1/cmr/m/n/10.95 (+20) Metal-dependent metabolic
 []


Underfull \hbox (badness 1072) in paragraph at lines 932--933
[]|\T1/cmr/m/n/10.95 (+20) Metal-dependent metabolic
 []


Underfull \hbox (badness 1072) in paragraph at lines 933--934
[]|\T1/cmr/m/n/10.95 (+20) Metal-dependent metabolic
 []


Underfull \hbox (badness 1072) in paragraph at lines 934--935
[]|\T1/cmr/m/n/10.95 (+20) Metal-dependent metabolic
 []


Underfull \hbox (badness 1072) in paragraph at lines 936--937
[]|\T1/cmr/m/n/10.95 (+20) Metal-dependent metabolic
 []


Underfull \hbox (badness 1072) in paragraph at lines 961--962
[]|\T1/cmr/m/n/10.95 (+20) Metal-dependent metabolic
 []


Underfull \hbox (badness 1072) in paragraph at lines 971--972
[]|\T1/cmr/m/n/10.95 (+20) Metal-dependent metabolic
 []


Underfull \hbox (badness 1072) in paragraph at lines 972--973
[]|\T1/cmr/m/n/10.95 (+20) Metal-dependent metabolic
 []


Underfull \hbox (badness 1072) in paragraph at lines 976--977
[]|\T1/cmr/m/n/10.95 (+20) Metal-dependent metabolic
 []


Underfull \hbox (badness 1072) in paragraph at lines 979--980
[]|\T1/cmr/m/n/10.95 (+20) Metal-dependent metabolic
 []


Underfull \hbox (badness 1072) in paragraph at lines 980--981
[]|\T1/cmr/m/n/10.95 (+20) Metal-dependent metabolic
 []


Underfull \hbox (badness 1072) in paragraph at lines 981--982
[]|\T1/cmr/m/n/10.95 (+20) Metal-dependent metabolic
 []


Underfull \hbox (badness 10000) in paragraph at lines 985--986
[]|\T1/cmr/m/n/10.95 (+20) Resistance/detoxification;
 []


Underfull \hbox (badness 10000) in paragraph at lines 985--986
\T1/cmr/m/n/10.95 (+20) fit-ness de-fect un-der
 []


Underfull \hbox (badness 1072) in paragraph at lines 988--989
[]|\T1/cmr/m/n/10.95 (+20) Metal-dependent metabolic
 []


Underfull \hbox (badness 1072) in paragraph at lines 989--990
[]|\T1/cmr/m/n/10.95 (+20) Metal-dependent metabolic
 []

[14] [15] [16] [17] [18] [19] [20] [21]
<figures/png/figS01_phylogenetic_tree.png, id=286, 663.4386pt x 622.0038pt>
File: figures/png/figS01_phylogenetic_tree.png Graphic file (type png)
<use figures/png/figS01_phylogenetic_tree.png>
Package pdftex.def Info: figures/png/figS01_phylogenetic_tree.png  used on inpu
t line 1040.
(pdftex.def)             Requested size: 446.26582pt x 418.4108pt.
 [22] [23 <./figures/png/figS01_phylogenetic_tree.png>]
<figures/png/figS02_genome_size.png, id=298, 1726.45pt x 437.635pt>
File: figures/png/figS02_genome_size.png Graphic file (type png)
<use figures/png/figS02_genome_size.png>
Package pdftex.def Info: figures/png/figS02_genome_size.png  used on input line
 1055.
(pdftex.def)             Requested size: 446.26582pt x 113.1213pt.
 [24 <./figures/png/figS02_genome_size.png>]
<figures/png/figS03_sensitivity.png, id=305, 1244.65pt x 738.76pt>
File: figures/png/figS03_sensitivity.png Graphic file (type png)
<use figures/png/figS03_sensitivity.png>
Package pdftex.def Info: figures/png/figS03_sensitivity.png  used on input line
 1071.
(pdftex.def)             Requested size: 446.26582pt x 264.88249pt.
 [25 <./figures/png/figS03_sensitivity.png>]
<figures/png/figS04_negative_controls.png, id=313, 1124.2pt x 513.92pt>
File: figures/png/figS04_negative_controls.png Graphic file (type png)
<use figures/png/figS04_negative_controls.png>
Package pdftex.def Info: figures/png/figS04_negative_controls.png  used on inpu
t line 1088.
(pdftex.def)             Requested size: 446.26582pt x 204.00383pt.
 [26 <./figures/png/figS04_negative_controls.png>]
<figures/png/figS05_permutation.png, id=320, 1084.05pt x 602.25pt>
File: figures/png/figS05_permutation.png Graphic file (type png)
<use figures/png/figS05_permutation.png>
Package pdftex.def Info: figures/png/figS05_permutation.png  used on input line
 1103.
(pdftex.def)             Requested size: 446.26582pt x 247.92575pt.

[27 <./figures/png/figS05_permutation.png>]
<figures/png/figS06_subcategory.png, id=327, 1846.9pt x 538.01pt>
File: figures/png/figS06_subcategory.png Graphic file (type png)
<use figures/png/figS06_subcategory.png>
Package pdftex.def Info: figures/png/figS06_subcategory.png  used on input line
 1119.
(pdftex.def)             Requested size: 446.26582pt x 129.99522pt.
 [28 <./figures/png/figS06_subcategory.png>]
<figures/png/figS07_cwm_biome.png, id=334, 1043.9pt x 867.24pt>
File: figures/png/figS07_cwm_biome.png Graphic file (type png)
<use figures/png/figS07_cwm_biome.png>
Package pdftex.def Info: figures/png/figS07_cwm_biome.png  used on input line 1
139.
(pdftex.def)             Requested size: 446.26582pt x 370.74896pt.
 [29 <./figures/png/figS07_cwm_biome.png>]
<figures/png/figS08_ko_cooccurrence.png, id=341, 572.8602pt x 487.0998pt>
File: figures/png/figS08_ko_cooccurrence.png Graphic file (type png)
<use figures/png/figS08_ko_cooccurrence.png>
Package pdftex.def Info: figures/png/figS08_ko_cooccurrence.png  used on input 
line 1154.
(pdftex.def)             Requested size: 446.26582pt x 379.46063pt.
 [30 <./figures/png/figS08_ko_cooccurrence.png>]
<figures/png/figS09_clade_stratified.png, id=348, 1043.9pt x 546.04pt>
File: figures/png/figS09_clade_stratified.png Graphic file (type png)
<use figures/png/figS09_clade_stratified.png>
Package pdftex.def Info: figures/png/figS09_clade_stratified.png  used on input
 line 1171.
(pdftex.def)             Requested size: 446.26582pt x 233.43452pt.
 [31 <./figures/png/figS09_clade_stratified.png>]
<figures/png/figS10_heterogeneity.png, id=356, 963.6pt x 762.85pt>
File: figures/png/figS10_heterogeneity.png Graphic file (type png)
<use figures/png/figS10_heterogeneity.png>
Package pdftex.def Info: figures/png/figS10_heterogeneity.png  used on input li
ne 1189.
(pdftex.def)             Requested size: 399.29463pt x 316.09961pt.
 [32 <./figures/png/figS10_heterogeneity.png>]
<figures/png/figS11_mag_quality.png, id=363, 1525.7pt x 1200.485pt>
File: figures/png/figS11_mag_quality.png Graphic file (type png)
<use figures/png/figS11_mag_quality.png>
Package pdftex.def Info: figures/png/figS11_mag_quality.png  used on input line
 1204.
(pdftex.def)             Requested size: 446.26582pt x 351.13588pt.
 [33 <./figures/png/figS11_mag_quality.png>]
<figures/png/figS12_niche_validation.png, id=370, 1485.55pt x 477.785pt>
File: figures/png/figS12_niche_validation.png Graphic file (type png)
<use figures/png/figS12_niche_validation.png>
Package pdftex.def Info: figures/png/figS12_niche_validation.png  used on input
 line 1221.
(pdftex.def)             Requested size: 446.26582pt x 143.52615pt.
[34 <./figures/png/figS12_niche_validation.png>]
<figures/png/figS13_emp_pgls.png, id=377, 1084.05pt x 333.245pt>
File: figures/png/figS13_emp_pgls.png Graphic file (type png)
<use figures/png/figS13_emp_pgls.png>
Package pdftex.def Info: figures/png/figS13_emp_pgls.png  used on input line 12
40.
(pdftex.def)             Requested size: 399.29463pt x 122.74446pt.
 [35 <./figures/png/figS13_emp_pgls.png>]
<figures/png/figS14_pfam_qc.png, id=384, 1003.75pt x 437.635pt>
File: figures/png/figS14_pfam_qc.png Graphic file (type png)
<use figures/png/figS14_pfam_qc.png>
Package pdftex.def Info: figures/png/figS14_pfam_qc.png  used on input line 125
7.
(pdftex.def)             Requested size: 446.26582pt x 194.57668pt.
 [36 <./figures/png/figS14_pfam_qc.png>]
<figures/png/figS15_ausmicrobiome.png, id=391, 1003.75pt x 333.245pt>
File: figures/png/figS15_ausmicrobiome.png Graphic file (type png)
<use figures/png/figS15_ausmicrobiome.png>
Package pdftex.def Info: figures/png/figS15_ausmicrobiome.png  used on input li
ne 1274.
(pdftex.def)             Requested size: 446.26582pt x 148.16388pt.
 [37 <./figures/png/figS15_ausmicrobiome.png>]
<figures/png/figS16_ngsa_map.png, id=399, 609.9588pt x 304.4976pt>
File: figures/png/figS16_ngsa_map.png Graphic file (type png)
<use figures/png/figS16_ngsa_map.png>
Package pdftex.def Info: figures/png/figS16_ngsa_map.png  used on input line 12
92.
(pdftex.def)             Requested size: 446.26582pt x 222.78319pt.
 [38 <./figures/png/figS16_ngsa_map.png>] (./supplementary.aux)
 ***********
LaTeX2e <2023-11-01> patch level 1
L3 programming layer <2024-01-22>
 ***********
Package rerunfilecheck Info: File `supplementary.out' has not changed.
(rerunfilecheck)             Checksum: 50DC4EF9F41FC7D617D9824DD61132A4;5360.
 ) 
Here is how much of TeX's memory you used:
 15350 strings out of 476182
 244647 string characters out of 5795594
 2043975 words of memory out of 5000000
 36762 multiletter control sequences out of 15000+600000
 589798 words of font info for 236 fonts, out of 8000000 for 9000
 14 hyphenation exceptions out of 8191
 75i,14n,79p,1202b,578s stack positions out of 10000i,1000n,20000p,200000b,200000s
</usr/share/texlive/texmf-dist/fonts/type1/public/amsfonts/cm/cmbx10.pfb></us
r/share/texlive/texmf-dist/fonts/type1/public/amsfonts/cm/cmex10.pfb></usr/shar
e/texlive/texmf-dist/fonts/type1/public/amsfonts/cm/cmmi10.pfb></usr/share/texl
ive/texmf-dist/fonts/type1/public/amsfonts/cm/cmmi8.pfb></usr/share/texlive/tex
mf-dist/fonts/type1/public/amsfonts/cm/cmmib10.pfb></usr/share/texlive/texmf-di
st/fonts/type1/public/amsfonts/cm/cmr10.pfb></usr/share/texlive/texmf-dist/font
s/type1/public/amsfonts/cm/cmr7.pfb></usr/share/texlive/texmf-dist/fonts/type1/
public/amsfonts/cm/cmr8.pfb></usr/share/texlive/texmf-dist/fonts/type1/public/a
msfonts/cm/cmsy10.pfb></usr/share/texlive/texmf-dist/fonts/type1/public/amsfont
s/cm/cmsy7.pfb></usr/share/texlive/texmf-dist/fonts/type1/public/amsfonts/cm/cm
sy8.pfb></usr/share/texmf/fonts/type1/public/cm-super/sfbx1000.pfb></usr/share/
texmf/fonts/type1/public/cm-super/sfbx1095.pfb></usr/share/texmf/fonts/type1/pu
blic/cm-super/sfbx1200.pfb></usr/share/texmf/fonts/type1/public/cm-super/sfbx17
28.pfb></usr/share/texmf/fonts/type1/public/cm-super/sfcc1000.pfb></usr/share/t
exmf/fonts/type1/public/cm-super/sfcc1095.pfb></usr/share/texmf/fonts/type1/pub
lic/cm-super/sfrm0800.pfb></usr/share/texmf/fonts/type1/public/cm-super/sfrm100
0.pfb></usr/share/texmf/fonts/type1/public/cm-super/sfrm1095.pfb></usr/share/te
xmf/fonts/type1/public/cm-super/sfrm1200.pfb></usr/share/texmf/fonts/type1/publ
ic/cm-super/sfti1000.pfb></usr/share/texmf/fonts/type1/public/cm-super/sfti1095
.pfb></usr/share/texmf/fonts/type1/public/cm-super/sftt1000.pfb></usr/share/tex
mf/fonts/type1/public/cm-super/sftt1095.pfb>
Output written on supplementary.pdf (38 pages, 1893055 bytes).
PDF statistics:
 541 PDF objects out of 1000 (max. 8388607)
 413 compressed objects within 5 object streams
 105 named destinations out of 1000 (max. 500000)
 58681 words of extra memory for PDF output out of 61914 (max. 10000000)

