\BOOKMARK [1][-]{section.1}{\376\377\000G\000e\000n\000e\000\040\000l\000i\000s\000t\000\040\000c\000o\000n\000s\000t\000r\000u\000c\000t\000i\000o\000n\000\040\000a\000n\000d\000\040\000e\000v\000i\000d\000e\000n\000c\000e\000\040\000t\000i\000e\000r\000s}{}% 1
\BOOKMARK [2][-]{subsection.1.1}{\376\377\000C\000a\000n\000d\000i\000d\000a\000t\000e\000\040\000K\000O\000\040\000u\000n\000i\000v\000e\000r\000s\000e}{section.1}% 2
\BOOKMARK [2][-]{subsection.1.2}{\376\377\000E\000v\000i\000d\000e\000n\000c\000e\000\040\000t\000i\000e\000r\000s}{section.1}% 3
\BOOKMARK [2][-]{subsection.1.3}{\376\377\000F\000u\000n\000c\000t\000i\000o\000n\000a\000l\000\040\000c\000a\000t\000e\000g\000o\000r\000i\000e\000s}{section.1}% 4
\BOOKMARK [2][-]{subsection.1.4}{\376\377\000M\000e\000t\000a\000l\000\040\000c\000o\000v\000e\000r\000a\000g\000e}{section.1}% 5
\BOOKMARK [2][-]{subsection.1.5}{\376\377\000P\000f\000a\000m\000\040\000/\000\040\000I\000n\000t\000e\000r\000P\000r\000o\000\040\000s\000t\000r\000u\000c\000t\000u\000r\000a\000l\000\040\000Q\000C}{section.1}% 6
\BOOKMARK [1][-]{section.2}{\376\377\000P\000e\000r\000-\000m\000e\000g\000a\000b\000a\000s\000e\000\040\000K\000O\000\040\000d\000e\000n\000s\000i\000t\000y\000\040\000c\000a\000l\000c\000u\000l\000a\000t\000i\000o\000n}{}% 7
\BOOKMARK [2][-]{subsection.2.1}{\376\377\000G\000e\000n\000o\000m\000i\000c\000\040\000d\000a\000t\000a\000\040\000s\000o\000u\000r\000c\000e\000s}{section.2}% 8
\BOOKMARK [2][-]{subsection.2.2}{\376\377\000K\000O\000\040\000d\000e\000n\000s\000i\000t\000y\000\040\000f\000o\000r\000m\000u\000l\000a}{section.2}% 9
\BOOKMARK [2][-]{subsection.2.3}{\376\377\000P\000r\000e\000d\000i\000c\000t\000o\000r\000\040\000s\000t\000a\000n\000d\000a\000r\000d\000i\000s\000a\000t\000i\000o\000n}{section.2}% 10
\BOOKMARK [2][-]{subsection.2.4}{\376\377\000P\000r\000i\000m\000a\000r\000y\000\040\000d\000a\000t\000a\000s\000e\000t\000\040\000s\000u\000m\000m\000a\000r\000y}{section.2}% 11
\BOOKMARK [1][-]{section.3}{\376\377\000E\000c\000o\000l\000o\000g\000i\000c\000a\000l\000\040\000n\000i\000c\000h\000e\000\040\000b\000r\000e\000a\000d\000t\000h\000\040\000q\000u\000a\000n\000t\000i\000f\000i\000c\000a\000t\000i\000o\000n}{}% 12
\BOOKMARK [2][-]{subsection.3.1}{\376\377\000L\000e\000v\000i\000n\000s\000'\000\040\000s\000t\000a\000n\000d\000a\000r\000d\000i\000s\000e\000d\000\040\000n\000i\000c\000h\000e\000\040\000b\000r\000e\000a\000d\000t\000h}{section.3}% 13
\BOOKMARK [2][-]{subsection.3.2}{\376\377\000P\000r\000i\000m\000a\000r\000y\000\040\000n\000i\000c\000h\000e\000\040\000b\000r\000e\000a\000d\000t\000h\000\040\000d\000a\000t\000a\000s\000e\000t\000\040\000\050\000M\000i\000c\000r\000o\000b\000e\000A\000t\000l\000a\000s\000\051}{section.3}% 14
\BOOKMARK [2][-]{subsection.3.3}{\376\377\000E\000M\000P\000\040\000n\000i\000c\000h\000e\000\040\000b\000r\000e\000a\000d\000t\000h\000\040\000\050\000s\000e\000c\000o\000n\000d\000a\000r\000y\000,\000\040\000e\000x\000p\000l\000o\000r\000a\000t\000o\000r\000y\000\051}{section.3}% 15
\BOOKMARK [2][-]{subsection.3.4}{\376\377\000S\000o\000i\000l\000-\000s\000p\000e\000c\000i\000a\000l\000i\000s\000t\000\040\000d\000e\000f\000i\000n\000i\000t\000i\000o\000n}{section.3}% 16
\BOOKMARK [1][-]{section.4}{\376\377\000P\000h\000y\000l\000o\000g\000e\000n\000e\000t\000i\000c\000\040\000t\000r\000e\000e}{}% 17
\BOOKMARK [1][-]{section.5}{\376\377\000P\000h\000y\000l\000o\000g\000e\000n\000e\000t\000i\000c\000\040\000g\000e\000n\000e\000r\000a\000l\000i\000s\000e\000d\000\040\000l\000e\000a\000s\000t\000\040\000s\000q\000u\000a\000r\000e\000s}{}% 18
\BOOKMARK [2][-]{subsection.5.1}{\376\377\000I\000m\000p\000l\000e\000m\000e\000n\000t\000a\000t\000i\000o\000n}{section.5}% 19
\BOOKMARK [2][-]{subsection.5.2}{\376\377\000P\000r\000i\000m\000a\000r\000y\000\040\000r\000e\000s\000u\000l\000t}{section.5}% 20
\BOOKMARK [1][-]{section.6}{\376\377\000M\000u\000l\000t\000i\000p\000l\000e\000\040\000t\000e\000s\000t\000i\000n\000g\000\040\000c\000o\000r\000r\000e\000c\000t\000i\000o\000n}{}% 21
\BOOKMARK [1][-]{section.7}{\376\377\000C\000o\000n\000f\000o\000u\000n\000d\000e\000r\000\040\000a\000n\000a\000l\000y\000s\000e\000s}{}% 22
\BOOKMARK [1][-]{section.8}{\376\377\000S\000e\000n\000s\000i\000t\000i\000v\000i\000t\000y\000\040\000a\000n\000a\000l\000y\000s\000e\000s}{}% 23
\BOOKMARK [1][-]{section.9}{\376\377\000P\000r\000e\000-\000r\000e\000g\000i\000s\000t\000r\000a\000t\000i\000o\000n\000\040\000a\000n\000d\000\040\000a\000n\000a\000l\000y\000s\000i\000s\000\040\000g\000o\000v\000e\000r\000n\000a\000n\000c\000e}{}% 24
\BOOKMARK [2][-]{subsection.9.1}{\376\377\000P\000r\000e\000-\000r\000e\000g\000i\000s\000t\000r\000a\000t\000i\000o\000n}{section.9}% 25
\BOOKMARK [2][-]{subsection.9.2}{\376\377\000A\000n\000a\000l\000y\000s\000i\000s\000\040\000g\000o\000v\000e\000r\000n\000a\000n\000c\000e}{section.9}% 26
\BOOKMARK [1][-]{section.10}{\376\377\000L\000a\000t\000i\000t\000u\000d\000e\000\040\000m\000e\000c\000h\000a\000n\000i\000s\000m\000\040\000t\000e\000s\000t\000s}{}% 27
\BOOKMARK [1][-]{section.10}{\376\377\000S\000u\000p\000p\000l\000e\000m\000e\000n\000t\000a\000r\000y\000\040\000T\000a\000b\000l\000e\000s}{}% 28
\BOOKMARK [1][-]{table.4}{\376\377\000S\000u\000p\000p\000l\000e\000m\000e\000n\000t\000a\000r\000y\000\040\000F\000i\000g\000u\000r\000e\000s}{}% 29
